build_groupby_key	0	HINT_READ|HINT_PTARRAY|HINT_PTAREAD	2	HINT_READ	3	HINT_READ	4	HINT_READ	6	HINT_WRITE	7	HINT_WRITE
count_group_num	0	HINT_READ	2	HINT_DEFAULT
agg_cal(|_cons)	0	HINT_READ|HINT_PTARRAY|HINT_PTAREAD	2	HINT_READ	3	HINT_READ	4	HINT_READ	5	HINT_READ	6	HINT_READ	7	HINT_READ	9	HINT_READ	10	HINT_READ	11	HINT_READ|HINT_PTARRAY|HINT_PTADEFAULT
