count_hash_num	0	HINT_READ	2	HINT_WRITE
build_hash_table	0	HINT_READ	2	HINT_DEFAULT	3	HINT_WRITE
count_join_result	0	HINT_READ	1	HINT_READ	2	HINT_READ	3	HINT_READ	5	HINT_WRITE
merge	0	HINT_READ	3	HINT_WRITE	4	HINT_WRITE	5	HINT_WRITE
joinFact_(other|int)	0	HINT_READ	1	HINT_READ	4	HINT_READ	5	HINT_WRITE
joinDim_(int|other)	0	HINT_READ	1	HINT_READ	4	HINT_READ	5	HINT_READ	6	HINT_WRITE
